// Jest Snapshot v1, https://goo.gl/fbAQLP

exports[`MainApp should render correctly 1`] = `ShallowWrapper {}`;

exports[`MainApp should render correctly with no props 1`] = `ShallowWrapper {}`;
